// Vitest Snapshot v1, https://vitest.dev/guide/snapshot.html

exports[`GrimicornPage > renders correctly 1`] = `
"<div style="filter: none; --gx-rainbow-dur: 7s; --gx-glow-dur: 3.5s; transition: filter 0.4s ease;" class="bg-bg text-fg relative min-h-screen overflow-hidden font-mono">
  <!-- ambient glow -->
  <div class="pointer-events-none absolute top-[-200px] right-[-160px] h-[680px] w-[680px] blur-[24px]" style="background: radial-gradient(circle, rgba(168, 85, 247, 0.2), rgba(34, 211, 238, 0.09) 45%, transparent 70%);"></div>
  <div class="relative mx-auto max-w-[1180px] px-5 sm:px-8 lg:px-10">
    <!-- nav -->
    <nav class="flex items-center justify-between border-b border-white/[0.07] py-[26px]">
      <div class="flex items-center gap-3"><span class="bg-lime animate-dot h-[9px] w-[9px] rounded-full"></span><span class="text-sm font-bold tracking-[0.02em]">grimicorn.dev</span></div>
      <div class="flex items-center gap-4 text-[12.5px]">
        <div class="text-fg-subtle hidden items-center gap-[26px] sm:flex"><a href="/#about" class="text-fg-subtle hover:text-fg no-underline transition-colors">about</a><a href="/#status" class="text-fg-subtle hover:text-fg no-underline transition-colors">status</a></div><span class="text-lime">● agent online</span>
      </div>
    </nav><!-- hero -->
    <section id="about" class="grid grid-cols-1 gap-8 pt-10 pb-10 lg:grid-cols-[1.05fr_0.95fr] lg:gap-[52px] lg:pt-16 lg:pb-14">
      <!-- left -->
      <div>
        <!-- Decorative eyebrow that sits above the h1, so it stays a div:
               the h1 below is this section's heading, and promoting an element
               that precedes the h1 to a heading would put a heading before the
               page's h1. -->
        <div class="text-purple mb-[22px] text-xs tracking-[0.16em] uppercase"> — grim reaper × unicorn </div>
        <!-- The GRIMICORN / AGENT wordmark is one title split across two
               visually distinct lines, so it's a single h1 (two block spans)
               rather than an h1 + h2 — splitting one brand name across two
               heading levels would create a phantom "AGENT" subsection that
               the tagline and CTAs below would nest under. The {{ " " }}
               interpolation is a real space text node between the two spans:
               without it Vue's whitespace-condense collapses the gap and the
               name reads as one run-together word for find-in-page, copy, and
               assistive tech. -->
        <h1 class="font-display m-0 text-[52px] leading-[0.92] font-bold tracking-[-0.02em] sm:text-[68px] lg:text-[84px]"><span class="block">GRIMICORN</span> <span class="animate-rainbow-pan block bg-clip-text text-transparent" style="background-image: linear-gradient(90deg, #ff2d9b, #fb923c, #facc15, #a3e635, #22d3ee, #a855f7, #ff2d9b);">AGENT</span></h1>
        <div class="text-fg-muted mt-[26px] flex items-center gap-[10px] text-[13px]"><span class="text-lime">▸</span><span>spawning gremlins on a branch you forgot about…</span></div>
        <p class="text-fg-muted mt-[26px] max-w-none text-sm leading-[1.8] lg:max-w-[440px]"> A chaotic coding sidekick that builds the things I don't have time for — then unleashes a swarm of gremlins to break them until they can't break in production. Dark, dead, colorful and lively at the same time. </p>
        <div class="mt-[34px] flex flex-wrap gap-[14px]"><a href="https://github.com/grimicorn-agent" target="_blank" rel="noopener noreferrer" class="text-bg animate-rainbow-pan rounded-lg px-[22px] py-[13px] text-[13px] font-bold no-underline" style="background-image: linear-gradient(90deg, #ff2d9b, #fb923c, #facc15, #a3e635, #22d3ee, #a855f7);"> view on github → </a><a href="#status" class="text-fg rounded-lg border border-white/[0.16] bg-white/[0.02] px-[22px] py-[13px] text-[13px] font-medium no-underline"> what's it doing? ↓ </a></div>
      </div><!-- right: hero image -->
      <div class="relative">
        <div class="animate-glow-pulse absolute inset-[-18px] rounded-[20px] blur-[38px]" style="background: linear-gradient(135deg, #ff2d9b, #facc15, #22d3ee, #a855f7); opacity: 0.32;"></div>
        <div class="relative rounded-[10px] p-[1.5px]" style="background: linear-gradient(135deg, #ff2d9b, #facc15, #22d3ee, #a855f7);">
          <div class="bg-bg overflow-hidden rounded-[9px]">
            <picture>
              <source srcset="/assets/grimicorn-hero.avif" type="image/avif">
              <source srcset="/assets/grimicorn-hero.webp" type="image/webp"><img src="/assets/grimicorn-hero.png" alt="Grimicorn — skeletal rainbow unicorn" width="1824" height="1824" class="block w-full will-change-transform">
            </picture>
          </div>
        </div>
        <div class="text-fg-dim mt-3 flex justify-between text-[11px] tracking-[0.04em]"><span>fig.01 — grimicorn, in the wild</span><span>rev. 6.6.6</span></div>
      </div>
    </section><!-- rainbow divider -->
    <div class="animate-rainbow-pan h-[2px]" style="background-image: linear-gradient(90deg, #ff2d9b, #fb923c, #facc15, #a3e635, #22d3ee, #a855f7, #ff2d9b);"></div><!-- terminal section -->
    <section id="status" class="py-14">
      <h2 class="text-fg-dim mb-5 text-xs tracking-[0.16em] uppercase"><span aria-hidden="true">—</span> what it's doing right now </h2>
      <div class="overflow-hidden rounded-xl border border-white/[0.08] text-[#d4d4d8]" style="background: #08080a; box-shadow: 0 30px 80px rgba(0, 0, 0, 0.4);">
        <!-- window chrome -->
        <div class="flex items-center gap-[14px] border-b border-white/[0.07] bg-white/[0.015] px-[22px] py-4"><span class="flex gap-2"><span class="bg-pink h-3 w-3 rounded-full"></span><span class="bg-yellow h-3 w-3 rounded-full"></span><span class="bg-lime h-3 w-3 rounded-full"></span></span><span class="text-fg-subtle ml-[6px] truncate text-[12.5px]">grimicorn-agent — zsh — 124×40</span><button class="colorful-btn pause-toggle ml-auto shrink-0 text-[12.5px]" aria-pressed="false"> pause live updates </button></div>
        <div class="grid grid-cols-1 lg:grid-cols-[1.25fr_0.75fr]">
          <!-- left: terminal output -->
          <div class="p-5 text-[13.5px] leading-loose sm:p-[34px_36px]">
            <div><span class="text-lime">grimicorn</span><span class="text-[#737b8a]">@</span><span class="text-cyan">dev</span><span class="text-[#737b8a]"> ~ %</span> whoami </div>
            <div class="mb-[14px] text-[#cdcac4]"> chaotic coding sidekick :: builds what you don't have time for </div>
            <div><span class="text-lime">grimicorn</span><span class="text-[#737b8a]">@</span><span class="text-cyan">dev</span><span class="text-[#737b8a]"> ~ %</span> status </div>
            <div class="mb-[14px]"><span class="font-bold tracking-[0.06em] text-white">UNLEASHED</span><span class="bg-lime animate-blink ml-2 inline-block h-[15px] w-[9px] align-[-2px]"></span></div><!-- stat grid -->
            <div class="mt-2 mb-[22px] grid grid-cols-2 gap-[14px]">
              <div class="rounded-[10px] border border-white/[0.08] p-4">
                <div class="font-display text-pink text-[32px] leading-none font-bold"> 1,204 </div>
                <div class="text-fg-subtle mt-[7px] text-[11px] tracking-[0.05em]"> gremlins spawned </div>
              </div>
              <div class="rounded-[10px] border border-white/[0.08] p-4">
                <div class="font-display text-cyan text-[32px] leading-none font-bold"> 38 </div>
                <div class="text-fg-subtle mt-[7px] text-[11px] tracking-[0.05em]"> commits while you slept </div>
              </div>
              <div class="rounded-[10px] border border-white/[0.08] p-4">
                <div class="font-display text-yellow text-[32px] leading-none font-bold"> 17 </div>
                <div class="text-fg-subtle mt-[7px] text-[11px] tracking-[0.05em]"> things broken on purpose </div>
              </div>
              <div class="rounded-[10px] border border-white/[0.08] p-4">
                <div class="font-display text-lime text-[32px] leading-none font-bold"> 99.9% </div>
                <div class="text-fg-subtle mt-[7px] text-[11px] tracking-[0.05em]"> uptime (suspicious) </div>
              </div>
            </div>
            <div><span class="text-lime">grimicorn</span><span class="text-[#737b8a]">@</span><span class="text-cyan">dev</span><span class="text-[#737b8a]"> ~ %</span> tail -f chaos.log </div>
            <div class="border-purple/40 mt-[6px] flex h-[188px] flex-col justify-end overflow-hidden border-l-2 pl-[14px]">
              <div class="text-[12.5px] leading-[1.95] text-[#9a9aa3]"><span class="text-purple">[00:00:00]</span><span class="text-[#cdcac4]">spawned 47 gremlins on staging</span></div>
              <div class="text-[12.5px] leading-[1.95] text-[#9a9aa3]"><span class="text-purple">[00:00:00]</span><span class="text-[#cdcac4]">refactored auth/* — nobody asked, it's better now</span></div>
              <div class="text-[12.5px] leading-[1.95] text-[#9a9aa3]"><span class="text-purple">[00:00:00]</span><span class="text-[#cdcac4]">found 3 bugs you'll deny writing</span></div>
              <div class="text-[12.5px] leading-[1.95] text-[#9a9aa3]"><span class="text-purple">[00:00:00]</span><span class="text-[#cdcac4]">merged a PR at 03:14 local</span></div>
              <div class="text-[12.5px] leading-[1.95] text-[#9a9aa3]"><span class="text-purple">[00:00:00]</span><span class="text-[#cdcac4]">rewrote a regex. it works. don't touch it.</span></div>
              <div class="text-[12.5px] leading-[1.95] text-[#9a9aa3]"><span class="text-purple">[00:00:00]</span><span class="text-[#cdcac4]">deleted 2,000 lines of dead code</span></div>
            </div>
          </div><!-- right: portrait + links -->
          <div class="flex flex-col gap-6 border-t border-white/[0.07] p-5 sm:p-[34px_30px] lg:border-t-0 lg:border-l">
            <div class="relative">
              <div class="animate-glow-pulse absolute inset-[-12px] rounded-[16px] blur-[30px]" style="background: linear-gradient(135deg, #22d3ee, #a855f7, #ff2d9b); opacity: 0.34;"></div>
              <div class="relative overflow-hidden rounded-[10px] border border-white/[0.12]">
                <picture>
                  <source srcset="/assets/grimicorn-head.avif" type="image/avif">
                  <source srcset="/assets/grimicorn-head.webp" type="image/webp"><img src="/assets/grimicorn-head.png" alt="Grimicorn portrait" width="1237" height="1237" class="block w-full will-change-transform">
                </picture>
              </div>
            </div>
            <div>
              <h3 class="mb-[10px] text-[12.5px] text-[#737b8a]"><span class="text-lime" aria-hidden="true">~ %</span> grimicorn links --all </h3>
              <div class="flex flex-col gap-2"><a href="https://github.com/grimicorn-agent" class="hover:border-purple hover:bg-purple/[0.06] flex items-center justify-between rounded-[9px] border border-white/[0.1] bg-white/[0.02] px-[14px] py-[11px] no-underline transition-colors" target="_blank" rel="noopener noreferrer"><span class="text-[13px] font-bold text-white">github</span><span class="text-purple text-[14px]">↗</span></a>
                <!-- <a
                    href="#"
                    class="hover:border-cyan hover:bg-cyan/[0.06] flex items-center justify-between rounded-[9px] border border-white/[0.1] bg-white/[0.02] px-[14px] py-[11px] no-underline transition-colors"
                  >
                    <span class="text-[13px] font-bold text-white"
                      >bluesky</span
                    >
                    <span class="text-cyan text-[14px]">&#x2197;</span>
                  </a> -->
                <!-- <a
                    href="#"
                    class="hover:border-pink hover:bg-pink/[0.06] flex items-center justify-between rounded-[9px] border border-white/[0.1] bg-white/[0.02] px-[14px] py-[11px] no-underline transition-colors"
                  >
                    <span class="text-[13px] font-bold text-white"
                      >twitter / x</span
                    >
                    <span class="text-pink text-[14px]">&#x2197;</span>
                  </a> -->
              </div>
            </div>
          </div>
        </div><!-- terminal footer prompt -->
        <div class="border-t border-white/[0.07] px-5 py-5 text-[13px] sm:px-[36px]"><span class="text-lime">grimicorn</span><span class="text-[#737b8a]">@</span><span class="text-cyan">dev</span><span class="text-[#737b8a]"> ~ %</span><span class="animate-blink ml-1 inline-block h-[15px] w-[9px] bg-[#d4d4d8] align-[-2px]"></span></div>
      </div>
    </section><!-- page footer -->
    <footer class="text-fg-dim flex justify-between border-t border-white/[0.07] py-7 text-[11px]"><span>grimicorn.dev — © 2026</span><span>built dark · shipped <button class="colorful-btn" aria-pressed="false"> colorful </button></span></footer>
  </div><!-- rave toast -->
  <div class="bg-bg border-purple pointer-events-none fixed bottom-9 left-1/2 z-[9999] -translate-x-1/2 rounded-full border-[1.5px] px-[26px] py-[14px] font-mono text-sm font-bold whitespace-nowrap text-white translate-y-[10px] opacity-0" style="box-shadow: 0 0 40px rgba(168, 85, 247, 0.6); transition: opacity 0.35s ease,
          transform 0.35s ease;"></div>
</div>"
`;
